// Jest Snapshot v1, https://goo.gl/fbAQLP

exports[`bastionStack snapshot test for bastionStack 1`] = `
"{
  "data": {
    "aws_caller_identity": {
      "account-id": {
      }
    },
    "aws_iam_policy_document": {
      "application-dev-task-assumeRolePolicy": {
        "statement": [
          {
            "actions": [
              "sts:AssumeRole"
            ],
            "effect": "Allow",
            "principals": [
              {
                "identifiers": [
                  "ecs-tasks.amazonaws.com"
                ],
                "type": "Service"
              }
            ]
          }
        ]
      }
    }
  },
  "provider": {
    "aws": [
      {
        "region": "ap-northeast-1"
      }
    ]
  },
  "resource": {
    "aws_ecr_repository": {
      "ecr": {
        "encryption_configuration": [
          {
            "encryption_type": "KMS"
          }
        ],
        "image_scanning_configuration": {
          "scan_on_push": true
        },
        "name": "application-dev-ecr-bastion-repo"
      }
    },
    "aws_ecs_cluster": {
      "application-dev-BastionCluster": {
        "name": "application-dev-BastionCluster",
        "setting": [
          {
            "name": "containerInsights",
            "value": "enabled"
          }
        ]
      }
    },
    "aws_ecs_task_definition": {
      "application-dev-BastiontaskDefinition": {
        "container_definitions": "[{\\"name\\":\\"bastion\\",\\"image\\":\\"\${data.aws_caller_identity.account-id.account_id}.dkr.ecr.ap-northeast-1.amazonaws.com/\${aws_ecr_repository.ecr.name}:latest\\",\\"essential\\":true,\\"linuxParameters\\":{\\"initProcessEnabled\\":true},\\"cpu\\":256,\\"memory\\":512,\\"portMappings\\":[{\\"containerPort\\":80}],\\"logConfiguration\\":{\\"logDriver\\":\\"awslogs\\",\\"options\\":{\\"awslogs-region\\":\\"ap-northeast-1\\",\\"awslogs-stream-prefix\\":\\"ecs-bastion-task\\",\\"awslogs-group\\":\\"/ecs/ecs-bastion-task\\",\\"awslogs-create-group\\":\\"true\\"}}}]",
        "cpu": "256",
        "execution_role_arn": "\${aws_iam_role.application-dev-task-execution-role.arn}",
        "family": "application-dev-BastiontaskDefinition",
        "memory": "512",
        "network_mode": "awsvpc",
        "requires_compatibilities": [
          "FARGATE"
        ],
        "task_role_arn": "\${aws_iam_role.application-dev-task-role.arn}"
      }
    },
    "aws_iam_role": {
      "application-dev-task-execution-role": {
        "assume_role_policy": "\${data.aws_iam_policy_document.application-dev-task-assumeRolePolicy.json}",
        "inline_policy": [
          {
            "name": "taskExecutionRole",
            "policy": "{\\"Version\\":\\"2012-10-17\\",\\"Statement\\":[{\\"Effect\\":\\"Allow\\",\\"Action\\":[\\"ecr:GetAuthorizationToken\\",\\"ecr:BatchCheckLayerAvailability\\",\\"ecr:GetDownloadUrlForLayer\\",\\"ecr:BatchGetImage\\",\\"logs:CreateLogStream\\",\\"logs:PutLogEvents\\",\\"secretsmanager:GetSecret\\",\\"secretsmanager:GetSecretValue\\",\\"secretsmanager:DescribeSecret\\",\\"secretsmanager:ListSecrets\\",\\"logs:*\\"],\\"Resource\\":\\"*\\"}]}"
          }
        ],
        "name": "application-dev-task-execution-role"
      },
      "application-dev-task-role": {
        "assume_role_policy": "\${data.aws_iam_policy_document.application-dev-task-assumeRolePolicy.json}",
        "inline_policy": [
          {
            "name": "taskRole",
            "policy": "{\\"Version\\":\\"2012-10-17\\",\\"Statement\\":[{\\"Effect\\":\\"Allow\\",\\"Action\\":[\\"ssmmessages:CreateActivation\\",\\"ssmmessages:RemoveTagsFromResource\\",\\"ssmmessages:AddTagsFromResource\\",\\"ssmmessages:DeleteActivation\\",\\"ssmmessages:CreateControlChannel\\",\\"ssmmessages:CreateDataChannel\\",\\"ssmmessages:OpenControlChannel\\",\\"ssmmessages:OpenDataChannel\\"],\\"Resource\\":\\"*\\"}]}"
          }
        ],
        "name": "application-dev-task-role"
      }
    }
  },
  "terraform": {
    "required_providers": {
      "aws": {
        "source": "aws",
        "version": "4.60.0"
      }
    }
  }
}"
`;
